Here’s a concise rundown of every error we’ve hit so far, why each happened, and how we fixed it:

1. **`JWT_SECRET_KEY or SECRET_KEY must be set`**

   * **Why:** flask\_jwt\_extended/HS256 needs a signing key but none was configured.
   * **Fix:** Added `JWT_SECRET_KEY` (or `SECRET_KEY`) via environment (or in `config.py`) before initializing `JWTManager`.

2. **`ModuleNotFoundError: No module named 'config'`**

   * **Why:** We referenced `from config import Config` but never had a `config.py` in the image (and our Dockerfile only copied `app.py`).
   * **Fix:** Created `backend/config.py` and updated `Dockerfile` to `COPY . .` so `config.py` is included.

3. **`405 Not Allowed` HTML from Nginx**

   * **Why:** Hitting an endpoint with the wrong HTTP method (e.g. GET on a POST-only route), or wrong URL under an Nginx proxy.
   * **Fix:** Switched Postman (and React) to the correct method and exact URL (e.g. `POST /auth/login`).

4. **`404 Not Found` → turned into a 500 by our catch-all**

   * **Why:** Calling `/register` or `/login` directly—our blueprint is mounted at `/auth`, so those paths don’t exist.
   * **Fix:** Updated all client calls to use `/auth/register` and `/auth/login`. Also added a dedicated 404 handler so missing routes return JSON 404 instead of a 500.

5. **CORS preflight on wrong URL: `OPTIONS /login` → 404/500**

   * **Why:** Browser’s OPTIONS preflight hit `/login` (no such route), caught by our generic exception.
   * **Fix:** Same as above—pointed the frontend to `/auth/login`. Confirmed `CORS(app)` covers `/auth/*`.

6. **`401 Unauthorized` on GET/POST `/api/products`**

   * **Why:** Protected routes decorated with `@jwt_required()` were called without an `Authorization: Bearer <token>` header.
   * **Fix:** Taught React to store the JWT on login, then include it in every fetch (manually or via an `apiFetch` helper).

7. **Build error: `"apiFetch" is not exported by "src/utils/api.js"`**

   * **Why:** We imported `apiFetch` but never created or exported it in `utils/api.js`.
   * **Fix:** Added `src/utils/api.js` with `export async function apiFetch(…) { … }`, then restarted the dev server so the import would resolve.

8. **Catch-all exception on `GET /favicon.ico`**

   * **Why:** Browsers automatically request `/favicon.ico`; no route or static file existed, so Flask 404’d and our catch-all turned it into a logged 500.
   * **Fix:** Either placed a valid `static/favicon.ico` file or added a `/favicon.ico` route that returns `204 No Content`, and ensured we have a proper 404 handler to stop it bubbling as a 500.

---

With those in place, your app should now:

* Know its JWT secret
* Import `config.py` correctly
* Serve only valid routes with proper methods
* Authenticate every protected call
* Build successfully with a working `apiFetch`
* No longer log phantom favicon errors

9. **Blank page after successful registration**

   * **Why:** The frontend was automatically navigating away (or to a non-existent route) on register success, leaving the user staring at a blank view.
   * **Fix:** Removed any `navigate()` call in the Register component; instead, display a success message in place and keep the user on the registration form.

Let me know if you’d like any further tweaks!

Here are the two errors we’ve hit so far, with a quick “why” and “how we fixed” for each:

1. **`could not translate host name "db" to address: Name or service not known`**

   * **Why:** The Flask container couldn’t resolve the `db` hostname because our Compose file either wasn’t loading the `.env` properly or the service wasn’t actually on the same network.
   * **How we resolved:**

     * Removed the invalid top-level `env_file:` entry so Compose auto-reads `.env` for `${…}` interpolation.
     * (Optionally) added a service-level `env_file: [.env]` under `backend` or switched to explicit `environment:` mappings.
     * Ensured both `db` and `backend` share `networks: [app-net]`.
     * Did a full teardown/rebuild (`docker-compose down -v && docker-compose up --build`) and verified via `docker exec flask-backend ping db`.

2. **`FATAL: password authentication failed for user "postgres"`**

   * **Why:** Postgres only applies `POSTGRES_PASSWORD` on first init; our `pgdata` volume still held the old password (or else `DB_PASS` wasn’t actually getting into the container, especially since it contains a special character).
   * **How we resolved:**

     * Wiped the volume (`down -v`) so Postgres re-initialized with the new `POSTGRES_PASSWORD`.
     * Alternatively, connected into the `postgres-db` container and ran `ALTER USER postgres WITH PASSWORD 'password@123';`.
     * Quoted the password in `.env` (`DB_PASS="password@123"`) and/or loaded `.env` via `env_file:` so the app really saw the right value.
     * Verified with `docker exec flask-backend echo $DB_PASS` and a test `psql -h db -U postgres -d fullstack_app`.
Here’s a summary list of all the errors you encountered, with a short description of **why** they occurred and **how we fixed** each one:

---

### ✅ **Complete Error & Fix Summary**

| # | ❌ Error Message                                                             | ❓ Why It Happened                                                                          | 🛠️ How It Was Resolved                                                                                                           |
| - | --------------------------------------------------------------------------- | ------------------------------------------------------------------------------------------ | --------------------------------------------------------------------------------------------------------------------------------- |
| 1 | `bash: psql: command not found`                                             | PostgreSQL client (`psql`) was not in your system `PATH`.                                  | Installed PostgreSQL and added `C:\Program Files\PostgreSQL\17\bin` to system and user `PATH`. Restarted terminal.                |
| 2 | `psql: database/init.sql: No such file or directory`                        | The script path was relative and incorrect for your current directory.                     | Used the correct absolute path or navigated to the right directory before running `psql`.                                         |
| 3 | `permission denied for schema public`                                       | The `fullstackuser` had no permission to create tables in the `public` schema.             | Logged in as `postgres` and ran `GRANT ALL ON SCHEMA public TO fullstackuser;` and other `GRANT` commands.                        |
| 4 | `relation "users" does not exist`                                           | The `users` table wasn’t visible to `fullstackuser` or didn’t exist at all.                | Verified with `\dt` and confirmed it existed but was owned by `postgres`. Granted all privileges on the table to `fullstackuser`. |
| 5 | `ImportError: cannot import name 'get_db_connection'`                       | Function name `get_db_connection` did not match the actual function in `pg_connection.py`. | Either renamed it or corrected the import to match the defined function name.                                                     |
| 6 | `FATAL: password authentication failed for user "postgres"`                 | Flask app in Docker didn’t match the password defined in `docker-compose.yml`.             | Set `POSTGRES_PASSWORD` in `docker-compose.yml` and matched it in `.env` and Flask. Rebuilt containers.                           |
| 7 | `could not translate host name "db" to address: Name or service not known`  | `db` is only valid inside Docker networks; Flask was likely running outside Docker.        | Set `DB_HOST=db` for Docker, or `DB_HOST=localhost` if running Flask locally.                                                     |
| 8 | `connection to server on socket "/var/run/postgresql/.s.PGSQL.5432" failed` | Missing `host` field made Postgres default to Unix socket (which fails in Docker).         | Explicitly set `host=os.getenv("DB_HOST", "db")` in `pg_connection.py`.                                                           |

---

## 🧠 Optional Suggestions

* Consider writing a **README** section with common errors and solutions for future devs.
* Add validation to `pg_connection.py` to log which env vars are missing.

Would you like me to auto-generate a “developer troubleshooting guide” from the above list as markdown for your project?

Fantastic! I'm really glad it works now. Here's a complete, well-documented summary of the issue you faced, including the **error message, root cause, debug steps, attempted methods, and final resolution** — so you can refer to it anytime you need.

---

# ✅ JWT Authorization Debug Log — Reference Note

## ❗ Error

```bash
401 UNAUTHORIZED
{"msg": "Missing Authorization Header"}
```

## 🧾 Description

This error occurs when a **JWT-protected route in Flask** is accessed **without the required `Authorization: Bearer <token>` header**. It means the backend could not find the token in the incoming request, and thus denies access.

---

## 🔍 Root Cause (Specific to This Project)

1. You were calling a protected route `/auth/users` without sending the JWT token in the header.
2. In the login response, the JWT token was returned as `access_token`, but you stored it incorrectly:

   ```js
   localStorage.setItem("jwt", data.token); // ❌ Wrong key and field
   ```
3. `apiFetch()` in `utils/api.js` was reading from `localStorage.getItem("jwt")`, which was returning `null`.
4. So the `Authorization` header was **not being attached** to the request, and Flask returned:

   ```json
   { "msg": "Missing Authorization Header" }
   ```

---

## 🔧 Debugging & Fix Steps

| Step                                            | What We Tried                                                | Result                        |
| ----------------------------------------------- | ------------------------------------------------------------ | ----------------------------- |
| ✅ Added `console.log()` in `api.js`             | Confirmed JWT was `null` and headers were missing            | Helped identify missing token |
| ✅ Inspected DevTools → Network tab              | Saw no `Authorization` header in requests                    | Confirmed frontend bug        |
| ✅ Ensured correct `create_access_token()` usage | Used string identity + additional\_claims                    | JWT generated correctly       |
| ✅ Checked login token storage                   | Verified login response contains `access_token`              | But was stored incorrectly    |
| ✅ Fixed localStorage key                        | Changed `localStorage.setItem("jwt", data.access_token)`     | Token now saved correctly     |
| ✅ Delayed fetch until token exists              | Checked token in `UserList.jsx` before calling `apiFetch()`  | Prevented null-token fetch    |
| ✅ Confirmed header being sent                   | Console log and DevTools showed valid `Authorization` header | ✅ Working                     |

---

## ✅ Final Code Snippets (Correct Version)

### `Login.jsx`

```js
if (response.ok) {
  localStorage.setItem("jwt", data.access_token); // ✅ Correct
  console.log("✅ JWT saved:", localStorage.getItem("jwt"));
  navigate("/products");
}
```

### `api.js`

```js
export async function apiFetch(path, opts = {}) {
  const base = 'http://127.0.0.1:5000';
  const token = localStorage.getItem('jwt');
  console.log("JWT in localStorage:", token);

  const headers = {
    'Content-Type': 'application/json',
    ...(opts.headers || {}),
    ...(token ? { Authorization: `Bearer ${token}` } : {}),
  };

  console.log("Headers being sent:", headers);

  const res = await fetch(base + path, { ...opts, headers });

  if (!res.ok) {
    let errMsg;
    try {
      const errBody = await res.json();
      errMsg = errBody.error || errBody.message || errBody.msg;
    } catch {
      errMsg = res.statusText;
    }
    throw new Error(errMsg || `HTTP ${res.status}`);
  }

  return res.json();
}
```

### `UserList.jsx`

```js
useEffect(() => {
  console.log("🔥 UserList mounted");

  const token = localStorage.getItem("jwt");
  if (!token) {
    setError("Please login first.");
    return;
  }

  apiFetch('/auth/users')
    .then(setUsers)
    .catch(e => setError(e.message));
}, []);
```

---

## 📌 Takeaway Checklist

| ✅ Checklist Item                                             |
| ------------------------------------------------------------ |
| Always save JWT as `jwt` in `localStorage`                   |
| Always read the same key in `apiFetch()`                     |
| Never access variables before declaring (e.g., `headers`)    |
| Use `console.log()` to inspect `token` and headers           |
| Don’t navigate to protected routes unless token exists       |
| Use DevTools → Network tab to inspect actual request headers |
| Add `@jwt_required()` only to routes that expect tokens      |

---
---

# ✅ Fullstack App Error Log & Resolution Guide

### 🔹 Error 1: `"Failed to load users"`

* **Description**: API request to `/auth/users` failed.
* **Cause**: JWT token was missing in `Authorization` header.
* **Why it happened**: Token was stored in `localStorage` under the wrong key (`token` instead of `jwt`), so it wasn’t being sent in the header.
* **Fix**:

  * Updated `Login.jsx`: `localStorage.setItem("jwt", data.access_token)`
  * Used `apiFetch()` wrapper which attaches the header correctly.

---

### 🔹 Error 2: `Cannot access 'headers' before initialization`

* **Description**: Runtime error from `api.js`
* **Cause**: Tried to `console.log(headers)` before it was defined.
* **Fix**: Moved the `console.log(headers)` line **after** declaring `const headers = {...}`.

---

### 🔹 Error 3: `Missing Authorization Header`

* **Description**: Flask returned 401 when accessing protected routes like `/auth/users` or `/api/products`.
* **Cause**: No token was sent in `Authorization` header.
* **Why it happened**:

  * Token wasn’t saved properly (`data.token` instead of `data.access_token`).
  * `fetch()` used instead of `apiFetch()` in components like `UserList` or `ProductList`.
* **Fix**:

  * Store token correctly: `localStorage.setItem("jwt", data.access_token)`
  * Use `apiFetch()` for all API calls.

---

### 🔹 Error 4: `Cannot destructure 'basename' of useContext(...) as it is null`

* **Description**: React Router DOM crash
* **Cause**: `App` was used without being wrapped in `<BrowserRouter>`
* **Fix**: Updated `main.jsx`:

  ```jsx
  <BrowserRouter>
    <AuthProvider>
      <App />
    </AuthProvider>
  </BrowserRouter>
  ```

---

### 🔹 Error 5: `net::ERR_CONNECTION_REFUSED`

* **Description**: Browser failed to connect to `http://localhost:5000/api/products`
* **Cause**: Flask backend server was not running
* **Fix**: Started Flask server:

  ```bash
  flask run --port=5000
  ```

---

### 🔹 Error 6: `500 INTERNAL SERVER ERROR` when POSTing `/wishlist`

* **Description**: Backend crashed when adding to wishlist
* **Cause**: JWT identity returned a `str` (user\_id), but `wishlist.py` was using `user["id"]` assuming a dictionary
* **Fix**:

  * Changed `wishlist.py` to use:

    ```python
    user_id = get_jwt_identity()
    ```

---

### 🔹 Error 7: `Could not resolve "./pages/ProtectedRoute"`

* **Description**: Build failed due to missing file
* **Cause**: `ProtectedRoute.jsx` file did not exist or path was wrong
* **Fix**:

  * Created file at `src/pages/ProtectedRoute.jsx`
  * Fixed import: `import ProtectedRoute from '../pages/ProtectedRoute'`

---

### 🔹 Error 8: React Router `<Route>` JSX syntax error

* **Description**: Route element wasn't working (blank screen)
* **Cause**: Incorrect JSX syntax in:

  ```jsx
  <Route path="/wishlist" element={<ProtectedRoute><Wishlist /></ProtectedRoute>} />
  ```
* **Fix**: Fixed JSX:

  ```jsx
  <Route path="/wishlist" element={
    <ProtectedRoute>
      <Wishlist />
    </ProtectedRoute>
  } />
  ```

---

### 🔹 Error 9: Navigating to `/Products` didn’t work

* **Description**: Blank screen after login redirect
* **Cause**: React Router is case-sensitive; route was defined as `/products`, but `navigate("/Products")` was used
* **Fix**: Corrected navigation:

  ```js
  navigate("/products");
  ```

---

Here is a clean, copyable plain text version of your error list:

---

### ✅ **Full Error Log with Explanations and Fixes**

---

#### 1. **Error:** `Cannot access 'd' before initialization`

**Cause:** JavaScript block-scoped variable `let` was used incorrectly, attempting to use the variable before it's initialized.
**Solution:** Reorganized the code to ensure the variable is declared and assigned before being used.

---

#### 2. **Blank Page after Login**

**Cause:** `BrowserRouter` was not wrapping the entire React tree correctly, or there were issues with route rendering.
**Solution:** Ensured `BrowserRouter` wrapped `<App />` and all routes were defined inside `App.jsx`.

---

#### 3. **Error:**

`Cannot destructure property 'basename' of 'R.useContext(...)' as it is null.`
**Cause:** React Router context was not initialized correctly—likely due to a missing or misconfigured `BrowserRouter`.
**Solution:** Made sure `<BrowserRouter>` was correctly placed in `main.jsx` wrapping the app.

---

#### 4. **500 INTERNAL SERVER ERROR** on `/wishlist` POST

**Cause:** The backend failed due to incorrect use of `user_id["id"]` when `user_id` was actually just a string, not a dict.
**Solution:** Replaced `user_id["id"]` with simply `user_id`.

---

#### 5. **Delete Button on Wishlist Not Visible**

**Cause:** Delete button was correctly coded but didn't render possibly due to missing list data or no items being returned from backend.
**Solution:** Fixed backend to return correct wishlist and ensured JSX was rendering `<button>` properly.

---

#### 6. **Buy Now Button Not Functioning**

**Cause:** The button was implemented but there was no feedback or incorrect API endpoint was called.
**Solution:** Verified `/orders` POST API was hit, and success message was added via `setBuyMessage()`.

---

#### 7. **Error 304 Not Modified for /order**

**Cause:** Not an actual error. A `304` status indicates the resource hasn’t changed and can be served from the browser cache.
**Solution:** Ignored it—it doesn't impact functionality.

---

#### 8. **PDF Download → 401 UNAUTHORIZED**

**Cause:** JWT was required on the `/invoice/<id>/pdf` route, but downloads via `<a href>` can't send Authorization headers.
**Solution:** Removed `@jwt_required()` from the PDF route to allow public access to invoice downloads.

---

#### 9. **PDF Download → 500 INTERNAL SERVER ERROR**

**Cause:** Tuple was not passed properly in SQL query.
Wrong: `(invoice_id)`
Correct: `(invoice_id,)`
**Solution:** Added a comma to make it a single-element tuple.

---

#### 10. **Invoices Not Displaying in Frontend**

**Cause:** Invoice route returned no data due to missing `user_id` filtering or frontend fetch issues.
**Solution:** Ensured `user_id` is retrieved from JWT properly in `/invoices` route and frontend state is set with correct data.

---


# 📋 Error & Resolution Log for Wishlist + Product Buy Flow

---

### **1. Navbar Links Too Close / Clumsy UI**

* **Description**: Navbar buttons were clumped together with no visible spacing.
* **Root Cause**: Incorrect usage of Tailwind spacing (`space-x-6`) with broken layout structure.
* **Solution**: Replaced `space-x` with `mx-4` or `gap-[40px]` inside `grid` layout and ensured `Navbar` was properly imported and rendered in `App.jsx`.

---

### **2. “Buy Now” Button Missing in Wishlist**

* **Description**: The wishlist page only had “Remove” button; no way to purchase items.
* **Root Cause**: Component logic did not include any `Buy Now` handler or button.
* **Solution**: Added `🛒 Buy Now` button beside each wishlist item and implemented the `handleBuyNow` function that calls `/orders` API.

---

### **3. Invoice Not Generated When Buying From Wishlist**

* **Description**: Purchasing a product from the wishlist didn’t create an invoice.
* **Root Cause**: Frontend was calling `/buy`, which doesn't exist. Invoice generation only happens in `/orders` API.
* **Solution**: Changed the wishlist’s `handleBuyNow()` to use `/orders` route instead of `/buy`.

---

### **4. `status` Column Does Not Exist Error (PostgreSQL)**

* **Description**: Server threw error `column "status" of relation "orders" does not exist`.
* **Root Cause**: Backend was trying to insert into a nonexistent `status` column in `orders` table.
* **Solution**: Removed `status` column from the SQL insert statement or alternatively added `status` column to the schema with `ALTER TABLE`.

---

### **5. Invoice Not Generated Automatically**

* **Description**: You had to manually call `/invoice` to generate invoice.
* **Root Cause**: You were calling `/buy`, but your `/orders` route already auto-generates the invoice.
* **Solution**: Ensured all buy actions route through `/orders` so invoice generation happens automatically.

---

### **6. Remove from Wishlist Redirected to `/invoices` (Incorrect)**

* **Description**: Clicking “Remove” from wishlist redirected to `/invoices`.
* **Root Cause**: Misplaced `navigate("/invoices")` inside `handleRemove`.
* **Solution**: Removed `navigate("/invoices")` from `handleRemove()` to prevent unwanted navigation.

---

### **7. “Page Not Found” After Buying from Wishlist**

* **Description**: After buying from wishlist, app redirected to `/orders`, but showed 404.
* **Root Cause**: Route `/orders` was not defined in `App.jsx`.
* **Solution**: Added route in `App.jsx`:

  ```jsx
  <Route path="/orders" element={<BuyProduct />} />
  ```

---

### **8. “Buy Now” from Product Page Doesn’t Redirect**

* **Description**: Buying from ProductList did not go to `/orders`.
* **Root Cause**: You forgot to import and use `useNavigate()` in `ProductList.jsx`.
* **Solution**: Imported `useNavigate` from `react-router-dom`, called it with `const navigate = useNavigate()`, and used `navigate("/orders")` after successful buy.

---

## ✅ Bonus: Good Practices We Applied

| Practice                         | Description                                       |
| -------------------------------- | ------------------------------------------------- |
| Centralized API call (`/orders`) | Ensures consistent logic and invoice generation   |
| Used `setTimeout` for smooth UI  | Delayed redirect/messages after buy for better UX |
| Reused wishlist data cleanly     | Used `setWishlistItems(prev => filter(...))`      |
| Split error/message logic        | Clear display and cleanup of user feedback        |

---




---

## ⚠️ 1. **Navbar links were visible before login**

* **Description**: Even without logging in, all internal route links (`Products`, `Orders`, etc.) were visible on the navbar.
* **Root Cause**: `Navbar.jsx` did not check `isAuthenticated` before rendering navigation links.
* **Solution**:

  * Wrapped links inside: `if (isAuthenticated)` block.
  * Used `useAuth()` context to verify login state before rendering.

---

## ⚠️ 2. **Login/Register buttons used wrong paths**

* **Description**: Clicking on `Login` or `Register` navigated to `/login` and `/register` — leading to 404 or blank pages.
* **Root Cause**: Routes were defined as `/auth/login` and `/auth/register` in `App.jsx`, but `Navbar.jsx` had outdated paths.
* **Solution**:

  * Updated all links to use:

    ```jsx
    to="/auth/login"
    to="/auth/register"
    ```

---

## ⚠️ 3. **All nav links were cramped/clumped together**

* **Description**: Navbar links like `DashboardProductsAddOrders...` were stuck together with zero spacing.
* **Root Cause**: Missing Tailwind spacing utilities like `gap-6`, `px`, or `space-x-*` inside the `flex` containers.
* **Solution**:

  * Used: `flex gap-6` for nav links and `gap-4` for button spacing
  * Improved layout using:

    ```jsx
    className="flex items-center justify-between"
    ```

---

## ⚠️ 4. **Navbar visible on `/dashboard`**

* **Description**: The dashboard was supposed to be a clean layout without the navbar, but it showed up anyway.
* **Root Cause**: `Navbar.jsx` was mounted globally in `App.jsx`, and didn't conditionally hide itself.
* **Solution**:

  * Added:

    ```js
    if (location.pathname === "/dashboard") return null;
    ```

---

## ⚠️ 5. **Login/Register buttons were too close**

* **Description**: On `/auth/login`, the "Login" and "Register" buttons appeared stuck together like `LoginRegister`.
* **Root Cause**: No spacing between buttons (`gap-4`) and no `px` padding inside button classes.
* **Solution**:

  * Wrapped buttons in:

    ```jsx
    <div className="flex gap-4">
    ```
  * Added:

    ```jsx
    className="px-4 py-1 rounded"
    ```

---

## ⚠️ 6. **Token was not being validated for expiration**

* **Description**: After the JWT token expired, the user could still browse protected pages until refresh.
* **Root Cause**: Token expiration wasn't being checked in `AuthContext`.
* **Solution**:

  * Used `jwtDecode(token).exp`
  * Compared it to `Date.now() / 1000`
  * Added an interval inside `useEffect` to re-check every 60 seconds
  * Called `logout()` with a toast on token expiry

---

## ⚠️ 7. **After login, there was no way to go back to `/dashboard`**

* **Description**: Once user navigated to `/products` or `/orders`, there was no navbar link to return to the dashboard.
* **Root Cause**: `Dashboard` link was missing from the navbar.
* **Solution**:

  * Added:

    ```jsx
    <Link to="/dashboard">Dashboard</Link>
    ```

---

## ⚠️ 8. **UI inconsistency: wishlist and orders pages looked raw**

* **Description**: `Wishlist.jsx` and `BuyProduct.jsx` looked unstyled and not aligned with rest of the app.
* **Root Cause**: No Tailwind layout or card components were used.
* **Solution**:

  * Refactored both pages:

    * Wrapped content with `div className="p-6"`
    * Used `grid`, `rounded-lg`, `shadow-md`, `text-gray-*` classes
    * Converted lists to styled cards

---

## ⚠️ 9. **Toasts not showing login/logout status**

* **Description**: Users couldn’t see if login/logout was successful.
* **Root Cause**: `AuthContext` handled login/logout, but no feedback was shown.
* **Solution**:

  * Installed and configured `react-hot-toast`
  * Added `toast.success(...)` on login/logout inside `AuthContext`

---

Absolutely — here’s a clean, documented summary of all the errors you encountered during your **React + Vite + Bootstrap** frontend Docker setup, along with **descriptions**, **root causes**, and **solutions**.

---

# 🧾 Error Log & Solutions – Frontend Docker with Bootstrap

---

### ⚠️ 1. **Vite Rollup Error – Bootstrap CSS Not Found**

#### 🔴 Error Message:

```
[vite]: Rollup failed to resolve import "bootstrap/dist/css/bootstrap.min.css" from "/app/src/main.jsx".
```

#### 📌 Description:

Vite couldn’t locate the `bootstrap.min.css` during Docker build, even though it was present locally.

#### 🔍 Root Cause:

* `bootstrap` was correctly listed in `package.json` but **Docker was installing dependencies from the wrong `package.json`/`package-lock.json`**, which didn’t include Bootstrap.
* Docker was likely picking up the one from the `fullstack/` root instead of `frontend/`.

#### ✅ Solution:

* Ensure Dockerfile is located in `frontend/` folder.
* Make sure `bootstrap` is in `frontend/package.json`.
* Remove unused `package.json` and `package-lock.json` from root (`fullstack/`).
* Rebuild Docker using correct context:

  ```bash
  docker build --no-cache -t my-frontend .
  ```

---

### ⚠️ 2. **Vite Rollup Error – `react-bootstrap` Not Found**

#### 🔴 Error Message:

```
[vite]: Rollup failed to resolve import "react-bootstrap" from "/app/src/components/Navbar.jsx"
```

#### 📌 Description:

During Docker build, Vite couldn’t resolve the `react-bootstrap` package used in your `Navbar.jsx`.

#### 🔍 Root Cause:

* Just like Bootstrap, the correct lockfile with `react-bootstrap` was in `frontend/`, but Docker used the wrong one.
* The package wasn’t installed in the container during `npm ci`.

#### ✅ Solution:

* Ensure `react-bootstrap` is listed in `frontend/package.json` and `package-lock.json`.
* Delete unnecessary root-level `package.json` files.
* Use the correct Docker build context (`frontend/`).
* Rebuild image with:

  ```bash
  docker build --no-cache -t my-frontend .
  ```

---

### ⚠️ 3. **Navbar Background Remained White Despite `bg="dark"`**

#### 🔴 Symptom:

Even after setting `bg="dark"` and `className="bg-dark text-white"` on `<Navbar />`, the navbar showed a white background.

#### 📌 Description:

Bootstrap styles weren’t being correctly applied, leading to UI inconsistency.

#### 🔍 Root Cause:

* You had **Tailwind CSS and Bootstrap installed together**, causing class conflicts.
* Tailwind’s global reset or utility classes were **overriding Bootstrap's `.bg-dark`** styles.
* HTML showed:

  ```html
  <nav class="navbar navbar-expand navbar-light bg-dark">
  ```

  — `navbar-light` was being added unexpectedly, which also affected contrast.

#### ✅ Solution:

* Removed **Tailwind** completely (`npm uninstall tailwindcss postcss autoprefixer`)
* Deleted `tailwind.config.js` and `postcss.config.js`
* Cleaned up `index.css` to remove Tailwind directives
* Used **Bootstrap-only** styling in components (like `variant="dark"`, `navbar-dark`, etc.)
* Updated Navbar to use:

  ```jsx
  <Navbar bg="dark" variant="dark" expand="lg" className="shadow-sm mb-4">
  ```

---

### ⚠️ 4. **Mixed `navbar-light` and `bg-dark` in Final HTML**

#### 🔴 Symptom:

Even though `variant="dark"` was passed, HTML still showed `navbar-light bg-dark`.

#### 📌 Description:

This caused a white background because `navbar-light` expects a **light** background.

#### 🔍 Root Cause:

* Bootstrap was applying default light variant.
* Tailwind or incorrect markup was possibly forcing `navbar-light` to be applied implicitly.

#### ✅ Solution:

* Explicitly set `variant="dark"` in `<Navbar />`
* Manually added `className="navbar-dark bg-dark text-white"` to force correct theme

---

### ⚠️ 5. **Background of the Full Page Was Still White**

#### 🔴 Symptom:

Even after fixing the navbar, the overall page background remained white.

#### 📌 Description:

The layout container was still styled with Tailwind or default white background.

#### 🔍 Root Cause:

* Tailwind classes like `bg-gray-100` were still present on `div` containers.
* Global background was not set in Bootstrap/CSS.

#### ✅ Solution:

* Removed Tailwind completely
* Added Bootstrap-compatible background in `index.css`:

  ```css
  body {
    background-color: #121212;
    color: white;
  }
  ```
* Alternatively, wrapped app layout in:

  ```jsx
  <div className="bg-dark text-white min-vh-100">
    <AppNavbar />
    <Routes />
  </div>
  ```

---

### ⚠️ 6. **Unclear Build Context in Docker**

#### 🔴 Symptom:

Build was successful locally, but failed inside Docker (missing packages).

#### 📌 Description:

You had multiple `package.json` and `package-lock.json` files — one in `fullstack/` and one in `frontend/`. Docker picked the wrong one.

#### 🔍 Root Cause:

Docker was **not using the same `package.json` that your local build used**, so dependencies were mismatched.

#### ✅ Solution:

* **Deleted root-level package.json and lockfile**
* **Moved Dockerfile into `frontend/`**
* Built with the correct context:

  ```bash
  docker build --no-cache -t my-frontend .
  ```

---

## ✅ Bonus Recommendations

| Recommendation                                         | Benefit                             |
| ------------------------------------------------------ | ----------------------------------- |
| Use only Bootstrap for styling                         | Avoid conflicts and simplify layout |
| Keep Dockerfile close to source (inside `frontend/`)   | Prevent build context confusion     |
| Use `variant="dark"` explicitly with Bootstrap navbars | Ensures correct color usage         |
| Avoid mixing Tailwind and Bootstrap                    | Their class systems conflict        |

---

Here’s a full **error log summary with explanations and resolutions** for all the problems you encountered while integrating **Bootstrap with React + Vite + Docker**:

---

## ✅ Documented Error List

| **#** | **Error Message / Symptom**                                                     | **Description**                                                                                           | **Root Cause**                                                                                                                               | **Solution**                                                                                               |
| ----- | ------------------------------------------------------------------------------- | --------------------------------------------------------------------------------------------------------- | -------------------------------------------------------------------------------------------------------------------------------------------- | ---------------------------------------------------------------------------------------------------------- |
| 1️⃣   | `Rollup failed to resolve import "bootstrap/dist/css/bootstrap.min.css"`        | The build process (Rollup via Vite) failed when trying to locate Bootstrap’s CSS file during Docker build | Vite couldn't resolve the `bootstrap` module because it was missing from `node_modules` during Docker build or `package.json` was incomplete | ✅ Ensure `bootstrap` is correctly added in `package.json` and run `npm install` before `RUN npm run build` |
| 2️⃣   | `Module not found: Error: Can't resolve 'bootstrap/dist/css/bootstrap.min.css'` | Webpack/Vite cannot find Bootstrap CSS                                                                    | Bootstrap was either not installed or deleted along with `node_modules`/`package-lock.json`                                                  | ✅ Reinstall using `npm install bootstrap`                                                                  |
| 3️⃣   | App runs locally via `npm run dev` but fails in Docker                          | Local dev worked fine, but Docker build failed with Rollup errors                                         | Docker container didn’t have necessary packages due to missing or wrong `package.json` or skipped `npm install`                              | ✅ Use clean and complete `package.json` + proper `RUN npm install` in Dockerfile                           |
| 4️⃣   | `404 Page Not Found` after navigating to `/orders`                              | After login or redirect, route `/orders` shows 404 error                                                  | Route was not correctly mapped to `BuyProduct.jsx` in `App.jsx`, or file/component name mismatch                                             | ✅ Correct path: `<Route path="/orders" element={<ProtectedRoute><BuyProduct /></ProtectedRoute>} />`       |
| 5️⃣   | Login and Register buttons were too close together                              | Bad spacing in the navbar UI, visually clumsy                                                             | Buttons were wrapped inside a `div` without proper spacing (like `gap-*` or `space-x-*` in Tailwind)                                         | ✅ Use `flex gap-4` or `space-x-4` inside the parent `div`                                                  |
| 6️⃣   | `Status Code: 304 Not Modified` but app breaks                                  | Login route didn't work even though response was 304 (not an error)                                       | Route misconfig or missing component caused frontend to fail even though server responded                                                    | ✅ Check if route exists in `App.jsx` and component is imported correctly                                   |
| 7️⃣   | `vite preview` works locally but Docker build fails                             | Vite dev server works, but Docker fails at build                                                          | Missing alias or incorrect file resolution for `bootstrap` in Vite during build                                                              | ✅ Add alias in `vite.config.js` or remove alias and let Rollup handle Bootstrap if properly installed      |
| 8️⃣   | Deleted `package-lock.json`, lost packages like Bootstrap                       | Accidental deletion of lock file removed install trace for Bootstrap                                      | Deleting `package-lock.json` without reinstalling caused `npm ci` to skip packages                                                           | ✅ Re-run `npm install bootstrap` after deleting lock file                                                  |
| 9️⃣   | Bootstrap styling doesn’t apply even after importing                            | No visual Bootstrap styles appear in app                                                                  | CSS import placed after `index.css`, or not at the top of `main.jsx`                                                                         | ✅ Always import Bootstrap **first** in `main.jsx`: `import 'bootstrap/dist/css/bootstrap.min.css';`        |
| 🔟    | Docker container failed despite working app locally                             | `npm run dev` succeeds but `docker build` fails                                                           | The Docker image didn’t include Bootstrap in its dependency tree during build                                                                | ✅ Use correct `Dockerfile`, ensure clean `package.json`, and don’t skip `npm install`                      |

---

## 🧾 Recommendations (Best Practices)

| **Action**                                                        | **Why It Helps**                                   |
| ----------------------------------------------------------------- | -------------------------------------------------- |
| ✅ Keep `bootstrap` in both `dependencies` and `package-lock.json` | Prevents missing modules during builds             |
| ✅ Avoid aliasing Bootstrap manually unless needed                 | Let Vite handle it automatically via node\_modules |
| ✅ Test `npm run build` locally before Docker build                | Ensures no missing files/config                    |
| ✅ Use `vite.config.js` with `@vitejs/plugin-react`                | Proper setup avoids common resolution errors       |
| ✅ Always install all packages before copying files in Docker      | Prevents incomplete module errors in production    |

---

If you want, I can generate this as a downloadable `.md` or `.pdf` file for documentation or sharing. Just let me know the format.
